Microchip MPLAB XC8 Compiler V2.46

Linker command line:

-W-3 \
  --edf=C:\Program Files\Microchip\xc8\v2.46\pic\dat\20240104201356_en.msgs \
  -cn -h+dist/default/debug\Interfacing.debug.sym \
  --cmf=dist/default/debug\Interfacing.debug.cmf -z -Q18F46K20 \
  -oC:\Users\LEGION\AppData\Local\Temp\xcAsn70.\driver_tmp_3.o \
  --defsym=__MPLAB_BUILD=1 --fixupoverflow=error \
  -Mdist/default/debug/Interfacing.debug.map \
  --md=C:\Users\LEGION\AppData\Local\Temp\xcAsn70.\driver_tmp_0.dat -E1 \
  -ver=XC8 Compiler --acfsm=1493 -ACODE=00h-0FCFFh -ACONST=00h-0FCFFh \
  -ASMALLCONST=01000h-010FFhx237 -AMEDIUMCONST=01000h-0FCFFh \
  -ACOMRAM=01h-05Fh -AABS1=00h-0EEEh,0F00h-0F5Fh \
  -ABIGRAM=01h-0EEEh,0F00h-0F5Fh \
  -ARAM=060h-0FFh,0100h-01FFhx13,0E00h-0EEEh,0F00h-0F5Fh -ABANK0=060h-0FFh \
  -ABANK1=0100h-01FFh -ABANK2=0200h-02FFh -ABANK3=0300h-03FFh \
  -ABANK4=0400h-04FFh -ABANK5=0500h-05FFh -ABANK6=0600h-06FFh \
  -ABANK7=0700h-07FFh -ABANK8=0800h-08FFh -ABANK9=0900h-09FFh \
  -ABANK10=0A00h-0AFFh -ABANK11=0B00h-0BFFh -ABANK12=0C00h-0CFFh \
  -ABANK13=0D00h-0DFFh -ABANK14=0E00h-0EEEh -ABANK15=0F00h-0F5Fh \
  -ASFR=0F60h-0F9Bh,0F9Dh-0FD3h,0FD5h-0FDAh,0FE0h-0FE2h,0FE8h-0FEAh,0FF0h-0FFBh \
  -ABIGSFR=0F60h-0F9Bh,0F9Dh-0FD3h,0FD5h-0FDAh,0FE0h-0FE2h,0FE8h-0FEAh,0FF0h-0FFBh \
  -ACONFIG=0300000h-030000Dh -AIDLOC=0200000h-0200007h \
  -AEEDATA=0F00000h-0F003FFh -peeprom_data=EEDATA \
  -preset_vec=00h,intcode,sivt_hi,intcodelo,sivt_lo,powerup,init \
  -pramtop=01000h -psmallconst=SMALLCONST -pmediumconst=MEDIUMCONST \
  -pconst=CONST -AFARRAM=00h-00h \
  -prdata=COMRAM,nvrram=COMRAM,nvbit=COMRAM,rbss=COMRAM,rbit=COMRAM \
  -pfarbss=FARRAM,fardata=FARRAM,nvFARRAM=FARRAM \
  -pintsave_regs=BIGRAM,bigbss=BIGRAM,bigdata=BIGRAM -pbss=RAM \
  -pidata=CODE,irdata=CODE,ibigdata=CODE,ifardata=CODE -prparam=COMRAM \
  C:\Users\LEGION\AppData\Local\Temp\xcAsn70.\driver_tmp_9.o \
  dist/default/debug\Interfacing.debug.o 

Object code version is 3.11

Machine type is 18F46K20



                Name                               Link     Load   Length Selector   Space Scale
C:\Users\LEGION\AppData\Local\Temp\xcAsn70.\driver_tmp_9.o
                config                           300000   300000        E        0       4
                init                                  2        2        4        0       0
                reset_vec                             0        0        2        0       0
dist/default/debug\Interfacing.debug.o
                config                           300000   300000        E        0       4
                smallconst                         1000     1000        2      800       0
                text10                             11B2     11B2      112      801       0
                text9                              1784     1784       26      801       0
                text8                              12C4     12C4      110      801       0
                text7                              16CA     16CA       54      801       0
                text6                              1520     1520       70      801       0
                text5                              1664     1664       66      801       0
                text4                              1486     1486       9A      801       0
                text3                              13D4     13D4       B2      801       0
                text2                              15FA     15FA       6A      801       0
                text1                              1590     1590       6A      801       0
                text0                              1002     1002      1B0      801       0
                cstackCOMRAM                         31       31        E        1       1
                dataCOMRAM                            1        1       30        1       1
                bssCOMRAM                            3F       3F        B        1       1
                cinit                              171E     171E       36      801       0
                nvCOMRAM                             4A       4A        1        1       1
                idataCOMRAM                        1754     1754       30      801       0

TOTAL           Name                               Link     Load   Length     Space
        CLASS   CODE           
                init                                  2        2        4         0
                reset_vec                             0        0        2         0
                text10                             11B2     11B2      112         0
                text9                              1784     1784       26         0
                text8                              12C4     12C4      110         0
                text7                              16CA     16CA       54         0
                text6                              1520     1520       70         0
                text5                              1664     1664       66         0
                text4                              1486     1486       9A         0
                text3                              13D4     13D4       B2         0
                text2                              15FA     15FA       6A         0
                text1                              1590     1590       6A         0
                text0                              1002     1002      1B0         0
                cinit                              171E     171E       36         0
                idataCOMRAM                        1754     1754       30         0

        CLASS   CONST          

        CLASS   SMALLCONST     
                smallconst                         1000     1000        2         0

        CLASS   MEDIUMCONST    

        CLASS   COMRAM         
                cstackCOMRAM                         31       31        E         1
                dataCOMRAM                            1        1       30         1
                bssCOMRAM                            3F       3F        B         1
                nvCOMRAM                             4A       4A        1         1

        CLASS   ABS1           

        CLASS   BIGRAM         

        CLASS   RAM            

        CLASS   BANK0          

        CLASS   BANK1          

        CLASS   BANK2          

        CLASS   BANK3          

        CLASS   BANK4          

        CLASS   BANK5          

        CLASS   BANK6          

        CLASS   BANK7          

        CLASS   BANK8          

        CLASS   BANK9          

        CLASS   BANK10         

        CLASS   BANK11         

        CLASS   BANK12         

        CLASS   BANK13         

        CLASS   BANK14         

        CLASS   BANK15         

        CLASS   SFR            

        CLASS   BIGSFR         

        CLASS   CONFIG         
                config                           300000   300000        E         4

        CLASS   IDLOC          

        CLASS   EEDATA         

        CLASS   FARRAM         

        CLASS   HEAP           

        CLASS   STACK          



SEGMENTS        Name                           Load    Length   Top    Selector   Space  Class

                reset_vec                      000000  000006  000006         0       0  CODE    
                dataCOMRAM                     000001  00004A  00004B         1       1  COMRAM  
                smallconst                     001000  000002  001002       800       0  SMALLCON
                text0                          001002  0007A8  0017AA       801       0  CODE    


UNUSED ADDRESS RANGES

        Name                Unused          Largest block    Delta
        BANK0            000060-0000FF               A0
        BANK1            000100-0001FF              100
        BANK10           000A00-000AFF              100
        BANK11           000B00-000BFF              100
        BANK12           000C00-000CFF              100
        BANK13           000D00-000DFF              100
        BANK14           000E00-000EEE               EF
        BANK15           000F00-000F5F               60
        BANK2            000200-0002FF              100
        BANK3            000300-0003FF              100
        BANK4            000400-0004FF              100
        BANK5            000500-0005FF              100
        BANK6            000600-0006FF              100
        BANK7            000700-0007FF              100
        BANK8            000800-0008FF              100
        BANK9            000900-0009FF              100
        BIGRAM           00004B-000EEE              EA4
                         000F00-000F5F               60
        BIGSFR           000F60-000F9B               3C
                         000F9D-000FD3               37
                         000FD5-000FDA                6
                         000FE0-000FE2                3
                         000FE8-000FEA                3
                         000FF0-000FFB                C
        CODE             000006-000FFF              FFA
                         0017AA-00FCFF             E556
        COMRAM           00004B-00005F               15
        CONST            000006-000FFF              FFA
                         0017AA-00FCFF             E556
        EEDATA           F00000-F003FF              400
        IDLOC            200000-200007                8
        MEDIUMCONST      0017AA-00FCFF             E556
        RAM              000060-000EEE              100
                         000F00-000F5F               60
        SFR              000F60-000F9B               3C
                         000F9D-000FD3               37
                         000FD5-000FDA                6
                         000FE0-000FE2                3
                         000FE8-000FEA                3
                         000FF0-000FFB                C
        SMALLCONST       0017AA-00FCFF              100

                                  Symbol Table

_LATA                                        (abs)        000F89
_LATB                                        (abs)        000F8A
_LATC                                        (abs)        000F8B
_LATD                                        (abs)        000F8C
_LATE                                        (abs)        000F8D
_PORTA                                       (abs)        000F80
_PORTB                                       (abs)        000F81
_PORTC                                       (abs)        000F82
_PORTD                                       (abs)        000F83
_PORTE                                       (abs)        000F84
_TRISA                                       (abs)        000F92
_TRISB                                       (abs)        000F93
_TRISC                                       (abs)        000F94
_TRISD                                       (abs)        000F95
_TRISE                                       (abs)        000F96
__HRAM                                       (abs)        000000
__H__absolute__                              __absolute__ 000000
__Habs1                                      abs1         000000
__Hbank0                                     bank0        000000
__Hbank1                                     bank1        000000
__Hbank10                                    bank10       000000
__Hbank11                                    bank11       000000
__Hbank12                                    bank12       000000
__Hbank13                                    bank13       000000
__Hbank14                                    bank14       000000
__Hbank15                                    bank15       000000
__Hbank2                                     bank2        000000
__Hbank3                                     bank3        000000
__Hbank4                                     bank4        000000
__Hbank5                                     bank5        000000
__Hbank6                                     bank6        000000
__Hbank7                                     bank7        000000
__Hbank8                                     bank8        000000
__Hbank9                                     bank9        000000
__Hbigbss                                    bigbss       000000
__Hbigdata                                   bigdata      000000
__Hbigram                                    bigram       000000
__Hbigsfr                                    bigsfr       000000
__Hbss                                       bss          000000
__HbssCOMRAM                                 bssCOMRAM    000000
__Hcinit                                     cinit        000000
__Hclrtext                                   clrtext      000000
__Hcomram                                    comram       000000
__Hconfig                                    config       30000E
__Hconst                                     const        000000
__HcstackCOMRAM                              cstackCOMRAM 000000
__Hdata                                      data         000000
__HdataCOMRAM                                dataCOMRAM   000000
__Heeprom_data                               eeprom_data  000000
__Hfarbss                                    farbss       000000
__Hfardata                                   fardata      000000
__Hheap                                      heap         000000
__Hibigdata                                  ibigdata     000000
__Hidata                                     idata        000000
__HidataCOMRAM                               idataCOMRAM  000000
__Hidloc                                     idloc        000000
__Hifardata                                  ifardata     000000
__Hinit                                      init         000006
__Hintcode                                   intcode      000002
__Hintcode_body                              intcode_body 000000
__Hintcodelo                                 intcodelo    000002
__Hintentry                                  intentry     000000
__Hintret                                    intret       000000
__Hintsave_regs                              intsave_regs 000000
__Hirdata                                    irdata       000000
__Hmediumconst                               mediumconst  000000
__HnvCOMRAM                                  nvCOMRAM     000000
__HnvFARRAM                                  nvFARRAM     000000
__Hnvbit                                     nvbit        000000
__Hnvrram                                    nvrram       000000
__Hparam                                     rparam       000000
__Hpowerup                                   powerup      000002
__Hram                                       ram          000000
__Hramtop                                    ramtop       001000
__Hrbit                                      rbit         000000
__Hrbss                                      rbss         000000
__Hrdata                                     rdata        000000
__Hreset_vec                                 reset_vec    000002
__Hrparam                                    rparam       000000
__Hsfr                                       sfr          000000
__Hsivt_hi                                   sivt_hi      000002
__Hsivt_lo                                   sivt_lo      000002
__Hsmallconst                                smallconst   001002
__Hspace_0                                   (abs)        0017AA
__Hspace_1                                   (abs)        00004B
__Hspace_2                                   (abs)        000000
__Hspace_4                                   (abs)        60000E
__Hstack                                     stack        000000
__Hstruct                                    struct       000000
__Htemp                                      temp         000000
__Htext                                      text         000000
__Htext0                                     text0        000000
__Htext1                                     text1        000000
__Htext10                                    text10       000000
__Htext2                                     text2        000000
__Htext3                                     text3        000000
__Htext4                                     text4        000000
__Htext5                                     text5        000000
__Htext6                                     text6        000000
__Htext7                                     text7        000000
__Htext8                                     text8        000000
__Htext9                                     text9        000000
__LRAM                                       (abs)        000001
__L__absolute__                              __absolute__ 000000
__Labs1                                      abs1         000000
__Lbank0                                     bank0        000000
__Lbank1                                     bank1        000000
__Lbank10                                    bank10       000000
__Lbank11                                    bank11       000000
__Lbank12                                    bank12       000000
__Lbank13                                    bank13       000000
__Lbank14                                    bank14       000000
__Lbank15                                    bank15       000000
__Lbank2                                     bank2        000000
__Lbank3                                     bank3        000000
__Lbank4                                     bank4        000000
__Lbank5                                     bank5        000000
__Lbank6                                     bank6        000000
__Lbank7                                     bank7        000000
__Lbank8                                     bank8        000000
__Lbank9                                     bank9        000000
__Lbigbss                                    bigbss       000000
__Lbigdata                                   bigdata      000000
__Lbigram                                    bigram       000000
__Lbigsfr                                    bigsfr       000000
__Lbss                                       bss          000000
__LbssCOMRAM                                 bssCOMRAM    000000
__Lcinit                                     cinit        000000
__Lclrtext                                   clrtext      000000
__Lcomram                                    comram       000000
__Lconfig                                    config       000000
__Lconst                                     const        000000
__LcstackCOMRAM                              cstackCOMRAM 000000
__Ldata                                      data         000000
__LdataCOMRAM                                dataCOMRAM   000000
__Leeprom_data                               eeprom_data  000000
__Lfarbss                                    farbss       000000
__Lfardata                                   fardata      000000
__Lheap                                      heap         000000
__Libigdata                                  ibigdata     000000
__Lidata                                     idata        000000
__LidataCOMRAM                               idataCOMRAM  000000
__Lidloc                                     idloc        000000
__Lifardata                                  ifardata     000000
__Linit                                      init         000002
__Lintcode                                   intcode      000002
__Lintcode_body                              intcode_body 000000
__Lintcodelo                                 intcodelo    000002
__Lintentry                                  intentry     000000
__Lintret                                    intret       000000
__Lintsave_regs                              intsave_regs 000000
__Lirdata                                    irdata       000000
__Lmediumconst                               mediumconst  000000
__LnvCOMRAM                                  nvCOMRAM     000000
__LnvFARRAM                                  nvFARRAM     000000
__Lnvbit                                     nvbit        000000
__Lnvrram                                    nvrram       000000
__Lparam                                     rparam       000000
__Lpowerup                                   powerup      000002
__Lram                                       ram          000000
__Lramtop                                    ramtop       001000
__Lrbit                                      rbit         000000
__Lrbss                                      rbss         000000
__Lrdata                                     rdata        000000
__Lreset_vec                                 reset_vec    000000
__Lrparam                                    rparam       000000
__Lsfr                                       sfr          000000
__Lsivt_hi                                   sivt_hi      000002
__Lsivt_lo                                   sivt_lo      000002
__Lsmallconst                                smallconst   001000
__Lspace_0                                   (abs)        000000
__Lspace_1                                   (abs)        000000
__Lspace_2                                   (abs)        000000
__Lspace_4                                   (abs)        000000
__Lstack                                     stack        000000
__Lstruct                                    struct       000000
__Ltemp                                      temp         000000
__Ltext                                      text         000000
__Ltext0                                     text0        000000
__Ltext1                                     text1        000000
__Ltext10                                    text10       000000
__Ltext2                                     text2        000000
__Ltext3                                     text3        000000
__Ltext4                                     text4        000000
__Ltext5                                     text5        000000
__Ltext6                                     text6        000000
__Ltext7                                     text7        000000
__Ltext8                                     text8        000000
__Ltext9                                     text9        000000
__S0                                         (abs)        0017AA
__S1                                         (abs)        00004B
__S4                                         (abs)        000000
__S5                                         (abs)        000000
___heap_hi                                   (abs)        000000
___heap_lo                                   (abs)        000000
___inthi_sp                                  stack        000000
___inthi_stack_hi                            stack        000000
___inthi_stack_lo                            stack        000000
___intlo_sp                                  stack        000000
___intlo_stack_hi                            stack        000000
___intlo_stack_lo                            stack        000000
___param_bank                                (abs)        000000
___rparam_used                               (abs)        000001
___sp                                        stack        000000
___stack_hi                                  stack        000000
___stack_lo                                  stack        000000
__accesstop                                  (abs)        000060
__activetblptr                               (abs)        000002
__end_of__initialization                     cinit        00174A
__end_of_application_initialize              text5        0016CA
__end_of_button_initialize                   text9        0017AA
__end_of_button_read_state                   text3        001486
__end_of_gpio_pin_direction_initialization   text10       0012C4
__end_of_gpio_pin_initialization             text7        00171E
__end_of_gpio_pin_read_logic                 text4        001520
__end_of_gpio_pin_write_logic                text8        0013D4
__end_of_led_initialize                      text6        001590
__end_of_led_turn_off                        text2        001664
__end_of_led_turn_on                         text1        0015FA
__end_of_main                                text0        0011B2
__initialization                             cinit        00171E
__mediumconst                                mediumconst  000000
__pbssCOMRAM                                 bssCOMRAM    00003F
__pcinit                                     cinit        00171E
__pcstackCOMRAM                              cstackCOMRAM 000031
__pdataCOMRAM                                dataCOMRAM   000001
__pidataCOMRAM                               idataCOMRAM  001754
__pnvCOMRAM                                  nvCOMRAM     00004A
__psmallconst                                smallconst   001000
__ptext0                                     text0        001002
__ptext1                                     text1        001590
__ptext10                                    text10       0011B2
__ptext2                                     text2        0015FA
__ptext3                                     text3        0013D4
__ptext4                                     text4        001486
__ptext5                                     text5        001664
__ptext6                                     text6        001520
__ptext7                                     text7        0016CA
__ptext8                                     text8        0012C4
__ptext9                                     text9        001784
__ramtop                                     ramtop       001000
__smallconst                                 smallconst   001000
_application_initialize                      text5        001664
_btn_high                                    dataCOMRAM   000026
_btn_high_last_valid_status                  dataCOMRAM   000021
_btn_high_valid                              bssCOMRAM    000041
_btn_high_valid_status                       dataCOMRAM   000022
_btn_low                                     dataCOMRAM   000023
_btn_low_last_valid_status                   dataCOMRAM   00001F
_btn_low_valid                               bssCOMRAM    00003F
_btn_low_valid_status                        dataCOMRAM   000020
_btn_status_high                             bssCOMRAM    000049
_btn_status_low                              bssCOMRAM    000048
_button_initialize                           text9        001784
_button_read_state                           text3        0013D4
_flag                                        bssCOMRAM    000043
_gpio_pin_direction_initialization           text10       0011B2
_gpio_pin_initialization                     text7        0016CA
_gpio_pin_read_logic                         text4        001486
_gpio_pin_write_logic                        text8        0012C4
_lat_registers                               dataCOMRAM   00000B
_led_1                                       dataCOMRAM   000030
_led_2                                       dataCOMRAM   00002F
_led_3                                       dataCOMRAM   00002E
_led_4                                       dataCOMRAM   00002D
_led_5                                       dataCOMRAM   00002C
_led_6                                       dataCOMRAM   00002B
_led_7                                       dataCOMRAM   00002A
_led_8                                       dataCOMRAM   000029
_led_initialize                              text6        001520
_led_turn_off                                text2        0015FA
_led_turn_on                                 text1        001590
_main                                        text0        001002
_port_registers                              dataCOMRAM   000001
_ret                                         nvCOMRAM     00004A
_tris_registers                              dataCOMRAM   000015
button_initialize@btn                        cstackCOMRAM 000038
button_initialize@ret                        cstackCOMRAM 000039
button_read_state@Pin_Logic_Status           cstackCOMRAM 00003B
button_read_state@btn                        cstackCOMRAM 000037
button_read_state@btn_state                  cstackCOMRAM 000038
button_read_state@ret                        cstackCOMRAM 00003A
end_of_initialization                        cinit        00174A
gpio_pin_direction_initialization@pin_config cstackCOMRAM 000031
gpio_pin_direction_initialization@ret        cstackCOMRAM 000037
gpio_pin_initialization@pin_config           cstackCOMRAM 000039
gpio_pin_read_logic@logic_status             cstackCOMRAM 000032
gpio_pin_read_logic@pin_config               cstackCOMRAM 000031
gpio_pin_write_logic@logic                   cstackCOMRAM 000032
gpio_pin_write_logic@pin_config              cstackCOMRAM 000031
gpio_pin_write_logic@ret                     cstackCOMRAM 000038
intlevel0                                    text         000000
intlevel1                                    text         000000
intlevel2                                    text         000000
intlevel3                                    text         000000
isa$std                                      (abs)        000001
isa$xinst                                    (abs)        000000
led_initialize@F3143                         bssCOMRAM    000047
led_initialize@led                           cstackCOMRAM 00003B
led_initialize@pin_obj                       cstackCOMRAM 00003E
led_initialize@ret                           cstackCOMRAM 00003D
led_turn_off@F3153                           bssCOMRAM    000045
led_turn_off@led                             cstackCOMRAM 000039
led_turn_off@pin_obj                         cstackCOMRAM 00003B
led_turn_on@F3148                            bssCOMRAM    000046
led_turn_on@led                              cstackCOMRAM 000039
led_turn_on@pin_obj                          cstackCOMRAM 00003B
led_turn_toggle@F3158                        bssCOMRAM    000044
stackhi                                      (abs)        000000
stacklo                                      (abs)        000000
start                                        init         000002
start_initialization                         cinit        00171E


MODULE INFORMATION

Module		Function		Class		Link	Load	Size
ECU_Layer/button/ecu_button.c
		_button_read_state		CODE           	13D4	0000	178
		_button_initialize		CODE           	1784	0000	38

ECU_Layer/button/ecu_button.c estimated size: 216

shared
		__initialization		CODE           	171E	0000	44

shared estimated size: 44

MCAL_Layer/GPIO/hal_gpio.c
		_gpio_pin_write_logic		CODE           	12C4	0000	272
		_gpio_pin_read_logic		CODE           	1486	0000	154
		_gpio_pin_initialization		CODE           	16CA	0000	84
		_gpio_pin_direction_initialization		CODE           	11B2	0000	274

MCAL_Layer/GPIO/hal_gpio.c estimated size: 784

ECU_Layer/LED/ecu_led.c
		_led_initialize		CODE           	1520	0000	112
		_led_turn_on   		CODE           	1590	0000	106
		_led_turn_off  		CODE           	15FA	0000	106

ECU_Layer/LED/ecu_led.c estimated size: 324

application.c
		_application_initialize		CODE           	1664	0000	102
		_main          		CODE           	1002	0000	432

application.c estimated size: 534

