Microchip MPLAB XC8 Compiler V2.46

Linker command line:

-W-3 \
  --edf=C:\Program Files\Microchip\xc8\v2.46\pic\dat\20240104201356_en.msgs \
  -cn -h+dist/default/production\Interfacing.production.sym \
  --cmf=dist/default/production\Interfacing.production.cmf -z -Q18F46K20 \
  -oC:\Users\LEGION\AppData\Local\Temp\xcAsjg8.\driver_tmp_3.o \
  --defsym=__MPLAB_BUILD=1 --fixupoverflow=error \
  -Mdist/default/production/Interfacing.production.map \
  --md=C:\Users\LEGION\AppData\Local\Temp\xcAsjg8.\driver_tmp_0.dat -E1 \
  -ver=XC8 Compiler --acfsm=1493 -ACODE=00h-0FFFFh -ACONST=00h-0FFFFh \
  -ASMALLCONST=01000h-010FFhx240 -AMEDIUMCONST=01000h-0FFFFh \
  -ACOMRAM=01h-05Fh -AABS1=00h-0F5Fh -ABIGRAM=01h-0F5Fh \
  -ARAM=060h-0FFh,0100h-01FFhx14,0F00h-0F5Fh -ABANK0=060h-0FFh \
  -ABANK1=0100h-01FFh -ABANK2=0200h-02FFh -ABANK3=0300h-03FFh \
  -ABANK4=0400h-04FFh -ABANK5=0500h-05FFh -ABANK6=0600h-06FFh \
  -ABANK7=0700h-07FFh -ABANK8=0800h-08FFh -ABANK9=0900h-09FFh \
  -ABANK10=0A00h-0AFFh -ABANK11=0B00h-0BFFh -ABANK12=0C00h-0CFFh \
  -ABANK13=0D00h-0DFFh -ABANK14=0E00h-0EFFh -ABANK15=0F00h-0F5Fh \
  -ASFR=0F60h-0FFFh -ABIGSFR=0F60h-0FFFh -ACONFIG=0300000h-030000Dh \
  -AIDLOC=0200000h-0200007h -AEEDATA=0F00000h-0F003FFh -peeprom_data=EEDATA \
  -preset_vec=00h,intcode,sivt_hi,intcodelo,sivt_lo,powerup,init \
  -pramtop=01000h -psmallconst=SMALLCONST -pmediumconst=MEDIUMCONST \
  -pconst=CONST -AFARRAM=00h-00h \
  -prdata=COMRAM,nvrram=COMRAM,nvbit=COMRAM,rbss=COMRAM,rbit=COMRAM \
  -pfarbss=FARRAM,fardata=FARRAM,nvFARRAM=FARRAM \
  -pintsave_regs=BIGRAM,bigbss=BIGRAM,bigdata=BIGRAM -pbss=RAM \
  -pidata=CODE,irdata=CODE,ibigdata=CODE,ifardata=CODE -prparam=COMRAM \
  C:\Users\LEGION\AppData\Local\Temp\xcAsjg8.\driver_tmp_9.o \
  dist/default/production\Interfacing.production.o 

Object code version is 3.11

Machine type is 18F46K20



                Name                               Link     Load   Length Selector   Space Scale
C:\Users\LEGION\AppData\Local\Temp\xcAsjg8.\driver_tmp_9.o
                config                           300000   300000        E        0       4
                init                                  0        0        4        0       0
dist/default/production\Interfacing.production.o
                config                           300000   300000        E        0       4
                smallconst                         1000     1000        2      800       0
                text13                             11CA     11CA      112      801       0
                text12                             18EC     18EC       26      C76       0
                text11                             12DC     12DC      110      801       0
                text10                             1830     1830       54      801       0
                text9                              1618     1618       70      801       0
                text8                              15A8     15A8       70      801       0
                text7                              1538     1538       70      801       0
                text6                              149E     149E       9A      801       0
                text5                              13EC     13EC       B2      801       0
                text4                              17C6     17C6       6A      801       0
                text3                              175C     175C       6A      801       0
                text2                              16F2     16F2       6A      801       0
                text1                              1688     1688       6A      801       0
                text0                              1002     1002      1C8      801       0
                cstackCOMRAM                         40       40        E        1       1
                dataCOMRAM                            1        1       31        1       1
                bssCOMRAM                            32       32        E        1       1
                cinit                              1884     1884       36      801       0
                nvCOMRAM                             4E       4E        1        1       1
                idataCOMRAM                        18BA     18BA       31      801       0

TOTAL           Name                               Link     Load   Length     Space
        CLASS   CODE           
                init                                  0        0        4         0
                text13                             11CA     11CA      112         0
                text12                             18EC     18EC       26         0
                text11                             12DC     12DC      110         0
                text10                             1830     1830       54         0
                text9                              1618     1618       70         0
                text8                              15A8     15A8       70         0
                text7                              1538     1538       70         0
                text6                              149E     149E       9A         0
                text5                              13EC     13EC       B2         0
                text4                              17C6     17C6       6A         0
                text3                              175C     175C       6A         0
                text2                              16F2     16F2       6A         0
                text1                              1688     1688       6A         0
                text0                              1002     1002      1C8         0
                cinit                              1884     1884       36         0
                idataCOMRAM                        18BA     18BA       31         0

        CLASS   CONST          

        CLASS   SMALLCONST     
                smallconst                         1000     1000        2         0

        CLASS   MEDIUMCONST    

        CLASS   COMRAM         
                cstackCOMRAM                         40       40        E         1
                dataCOMRAM                            1        1       31         1
                bssCOMRAM                            32       32        E         1
                nvCOMRAM                             4E       4E        1         1

        CLASS   ABS1           

        CLASS   BIGRAM         

        CLASS   RAM            

        CLASS   BANK0          

        CLASS   BANK1          

        CLASS   BANK2          

        CLASS   BANK3          

        CLASS   BANK4          

        CLASS   BANK5          

        CLASS   BANK6          

        CLASS   BANK7          

        CLASS   BANK8          

        CLASS   BANK9          

        CLASS   BANK10         

        CLASS   BANK11         

        CLASS   BANK12         

        CLASS   BANK13         

        CLASS   BANK14         

        CLASS   BANK15         

        CLASS   SFR            

        CLASS   BIGSFR         

        CLASS   CONFIG         
                config                           300000   300000        E         4

        CLASS   IDLOC          

        CLASS   EEDATA         

        CLASS   FARRAM         

        CLASS   HEAP           

        CLASS   STACK          



SEGMENTS        Name                           Load    Length   Top    Selector   Space  Class

                reset_vec                      000000  000004  000004         0       0  CODE    
                dataCOMRAM                     000001  00004E  00004F         1       1  COMRAM  
                smallconst                     001000  000002  001002       800       0  SMALLCON
                text0                          001002  0008E9  0018EB       801       0  CODE    
                text12                         0018EC  000026  001912       C76       0  CODE    


UNUSED ADDRESS RANGES

        Name                Unused          Largest block    Delta
        BANK0            000060-0000FF               A0
        BANK1            000100-0001FF              100
        BANK10           000A00-000AFF              100
        BANK11           000B00-000BFF              100
        BANK12           000C00-000CFF              100
        BANK13           000D00-000DFF              100
        BANK14           000E00-000EFF              100
        BANK15           000F00-000F5F               60
        BANK2            000200-0002FF              100
        BANK3            000300-0003FF              100
        BANK4            000400-0004FF              100
        BANK5            000500-0005FF              100
        BANK6            000600-0006FF              100
        BANK7            000700-0007FF              100
        BANK8            000800-0008FF              100
        BANK9            000900-0009FF              100
        BIGRAM           00004F-000F5F              F11
        BIGSFR           000F60-000FFF               A0
        CODE             000004-000FFF              FFC
                         0018EB-0018EB                1
                         001912-00FFFF             E6EE
        COMRAM           00004F-00005F               11
        CONST            000004-000FFF              FFC
                         0018EB-0018EB                1
                         001912-00FFFF             E6EE
        EEDATA           F00000-F003FF              400
        IDLOC            200000-200007                8
        MEDIUMCONST      0018EB-0018EB                1
                         001912-00FFFF             E6EE
        RAM              000060-000F5F              100
        SFR              000F60-000FFF               A0
        SMALLCONST       0018EB-0018EB                1
                         001912-00FFFF              100

                                  Symbol Table

_LATA                                        (abs)        000F89
_LATB                                        (abs)        000F8A
_LATC                                        (abs)        000F8B
_LATD                                        (abs)        000F8C
_LATE                                        (abs)        000F8D
_PORTA                                       (abs)        000F80
_PORTB                                       (abs)        000F81
_PORTC                                       (abs)        000F82
_PORTD                                       (abs)        000F83
_PORTE                                       (abs)        000F84
_TRISA                                       (abs)        000F92
_TRISB                                       (abs)        000F93
_TRISC                                       (abs)        000F94
_TRISD                                       (abs)        000F95
_TRISE                                       (abs)        000F96
__HRAM                                       (abs)        000000
__H__absolute__                              __absolute__ 000000
__Habs1                                      abs1         000000
__Hbank0                                     bank0        000000
__Hbank1                                     bank1        000000
__Hbank10                                    bank10       000000
__Hbank11                                    bank11       000000
__Hbank12                                    bank12       000000
__Hbank13                                    bank13       000000
__Hbank14                                    bank14       000000
__Hbank15                                    bank15       000000
__Hbank2                                     bank2        000000
__Hbank3                                     bank3        000000
__Hbank4                                     bank4        000000
__Hbank5                                     bank5        000000
__Hbank6                                     bank6        000000
__Hbank7                                     bank7        000000
__Hbank8                                     bank8        000000
__Hbank9                                     bank9        000000
__Hbigbss                                    bigbss       000000
__Hbigdata                                   bigdata      000000
__Hbigram                                    bigram       000000
__Hbigsfr                                    bigsfr       000000
__Hbss                                       bss          000000
__HbssCOMRAM                                 bssCOMRAM    000000
__Hcinit                                     cinit        000000
__Hclrtext                                   clrtext      000000
__Hcomram                                    comram       000000
__Hconfig                                    config       30000E
__Hconst                                     const        000000
__HcstackCOMRAM                              cstackCOMRAM 000000
__Hdata                                      data         000000
__HdataCOMRAM                                dataCOMRAM   000000
__Heeprom_data                               eeprom_data  000000
__Hfarbss                                    farbss       000000
__Hfardata                                   fardata      000000
__Hheap                                      heap         000000
__Hibigdata                                  ibigdata     000000
__Hidata                                     idata        000000
__HidataCOMRAM                               idataCOMRAM  000000
__Hidloc                                     idloc        000000
__Hifardata                                  ifardata     000000
__Hinit                                      init         000004
__Hintcode                                   intcode      000000
__Hintcode_body                              intcode_body 000000
__Hintcodelo                                 intcodelo    000000
__Hintentry                                  intentry     000000
__Hintret                                    intret       000000
__Hintsave_regs                              intsave_regs 000000
__Hirdata                                    irdata       000000
__Hmediumconst                               mediumconst  000000
__HnvCOMRAM                                  nvCOMRAM     000000
__HnvFARRAM                                  nvFARRAM     000000
__Hnvbit                                     nvbit        000000
__Hnvrram                                    nvrram       000000
__Hparam                                     rparam       000000
__Hpowerup                                   powerup      000000
__Hram                                       ram          000000
__Hramtop                                    ramtop       001000
__Hrbit                                      rbit         000000
__Hrbss                                      rbss         000000
__Hrdata                                     rdata        000000
__Hreset_vec                                 reset_vec    000000
__Hrparam                                    rparam       000000
__Hsfr                                       sfr          000000
__Hsivt_hi                                   sivt_hi      000000
__Hsivt_lo                                   sivt_lo      000000
__Hsmallconst                                smallconst   001002
__Hspace_0                                   (abs)        001912
__Hspace_1                                   (abs)        00004F
__Hspace_2                                   (abs)        000000
__Hspace_4                                   (abs)        60000E
__Hstack                                     stack        000000
__Hstruct                                    struct       000000
__Htemp                                      temp         000000
__Htext                                      text         000000
__Htext0                                     text0        000000
__Htext1                                     text1        000000
__Htext10                                    text10       000000
__Htext11                                    text11       000000
__Htext12                                    text12       000000
__Htext13                                    text13       000000
__Htext2                                     text2        000000
__Htext3                                     text3        000000
__Htext4                                     text4        000000
__Htext5                                     text5        000000
__Htext6                                     text6        000000
__Htext7                                     text7        000000
__Htext8                                     text8        000000
__Htext9                                     text9        000000
__LRAM                                       (abs)        000001
__L__absolute__                              __absolute__ 000000
__Labs1                                      abs1         000000
__Lbank0                                     bank0        000000
__Lbank1                                     bank1        000000
__Lbank10                                    bank10       000000
__Lbank11                                    bank11       000000
__Lbank12                                    bank12       000000
__Lbank13                                    bank13       000000
__Lbank14                                    bank14       000000
__Lbank15                                    bank15       000000
__Lbank2                                     bank2        000000
__Lbank3                                     bank3        000000
__Lbank4                                     bank4        000000
__Lbank5                                     bank5        000000
__Lbank6                                     bank6        000000
__Lbank7                                     bank7        000000
__Lbank8                                     bank8        000000
__Lbank9                                     bank9        000000
__Lbigbss                                    bigbss       000000
__Lbigdata                                   bigdata      000000
__Lbigram                                    bigram       000000
__Lbigsfr                                    bigsfr       000000
__Lbss                                       bss          000000
__LbssCOMRAM                                 bssCOMRAM    000000
__Lcinit                                     cinit        000000
__Lclrtext                                   clrtext      000000
__Lcomram                                    comram       000000
__Lconfig                                    config       000000
__Lconst                                     const        000000
__LcstackCOMRAM                              cstackCOMRAM 000000
__Ldata                                      data         000000
__LdataCOMRAM                                dataCOMRAM   000000
__Leeprom_data                               eeprom_data  000000
__Lfarbss                                    farbss       000000
__Lfardata                                   fardata      000000
__Lheap                                      heap         000000
__Libigdata                                  ibigdata     000000
__Lidata                                     idata        000000
__LidataCOMRAM                               idataCOMRAM  000000
__Lidloc                                     idloc        000000
__Lifardata                                  ifardata     000000
__Linit                                      init         000000
__Lintcode                                   intcode      000000
__Lintcode_body                              intcode_body 000000
__Lintcodelo                                 intcodelo    000000
__Lintentry                                  intentry     000000
__Lintret                                    intret       000000
__Lintsave_regs                              intsave_regs 000000
__Lirdata                                    irdata       000000
__Lmediumconst                               mediumconst  000000
__LnvCOMRAM                                  nvCOMRAM     000000
__LnvFARRAM                                  nvFARRAM     000000
__Lnvbit                                     nvbit        000000
__Lnvrram                                    nvrram       000000
__Lparam                                     rparam       000000
__Lpowerup                                   powerup      000000
__Lram                                       ram          000000
__Lramtop                                    ramtop       001000
__Lrbit                                      rbit         000000
__Lrbss                                      rbss         000000
__Lrdata                                     rdata        000000
__Lreset_vec                                 reset_vec    000000
__Lrparam                                    rparam       000000
__Lsfr                                       sfr          000000
__Lsivt_hi                                   sivt_hi      000000
__Lsivt_lo                                   sivt_lo      000000
__Lsmallconst                                smallconst   001000
__Lspace_0                                   (abs)        000000
__Lspace_1                                   (abs)        000000
__Lspace_2                                   (abs)        000000
__Lspace_4                                   (abs)        000000
__Lstack                                     stack        000000
__Lstruct                                    struct       000000
__Ltemp                                      temp         000000
__Ltext                                      text         000000
__Ltext0                                     text0        000000
__Ltext1                                     text1        000000
__Ltext10                                    text10       000000
__Ltext11                                    text11       000000
__Ltext12                                    text12       000000
__Ltext13                                    text13       000000
__Ltext2                                     text2        000000
__Ltext3                                     text3        000000
__Ltext4                                     text4        000000
__Ltext5                                     text5        000000
__Ltext6                                     text6        000000
__Ltext7                                     text7        000000
__Ltext8                                     text8        000000
__Ltext9                                     text9        000000
__S0                                         (abs)        001912
__S1                                         (abs)        00004F
__S4                                         (abs)        000000
__S5                                         (abs)        000000
___heap_hi                                   (abs)        000000
___heap_lo                                   (abs)        000000
___inthi_sp                                  stack        000000
___inthi_stack_hi                            stack        000000
___inthi_stack_lo                            stack        000000
___intlo_sp                                  stack        000000
___intlo_stack_hi                            stack        000000
___intlo_stack_lo                            stack        000000
___param_bank                                (abs)        000000
___rparam_used                               (abs)        000001
___sp                                        stack        000000
___stack_hi                                  stack        000000
___stack_lo                                  stack        000000
__accesstop                                  (abs)        000060
__activetblptr                               (abs)        000002
__end_of__initialization                     cinit        0018B0
__end_of_application_initialize              text7        0015A8
__end_of_button_initialize                   text12       001912
__end_of_button_read_state                   text5        00149E
__end_of_gpio_pin_direction_initialization   text13       0012DC
__end_of_gpio_pin_initialization             text10       001884
__end_of_gpio_pin_read_logic                 text6        001538
__end_of_gpio_pin_write_logic                text11       0013EC
__end_of_led_initialize                      text9        001688
__end_of_led_turn_off                        text4        001830
__end_of_led_turn_on                         text3        0017C6
__end_of_main                                text0        0011CA
__end_of_relay_initialize                    text8        001618
__end_of_relay_turn_off                      text2        00175C
__end_of_relay_turn_on                       text1        0016F2
__initialization                             cinit        001884
__mediumconst                                mediumconst  000000
__pbssCOMRAM                                 bssCOMRAM    000032
__pcinit                                     cinit        001884
__pcstackCOMRAM                              cstackCOMRAM 000040
__pdataCOMRAM                                dataCOMRAM   000001
__pidataCOMRAM                               idataCOMRAM  0018BA
__pnvCOMRAM                                  nvCOMRAM     00004E
__psmallconst                                smallconst   001000
__ptext0                                     text0        001002
__ptext1                                     text1        001688
__ptext10                                    text10       001830
__ptext11                                    text11       0012DC
__ptext12                                    text12       0018EC
__ptext13                                    text13       0011CA
__ptext2                                     text2        0016F2
__ptext3                                     text3        00175C
__ptext4                                     text4        0017C6
__ptext5                                     text5        0013EC
__ptext6                                     text6        00149E
__ptext7                                     text7        001538
__ptext8                                     text8        0015A8
__ptext9                                     text9        001618
__ramtop                                     ramtop       001000
__smallconst                                 smallconst   001000
_application_initialize                      text7        001538
_btn_high                                    dataCOMRAM   000026
_btn_high_last_valid_status                  dataCOMRAM   000021
_btn_high_valid                              bssCOMRAM    000034
_btn_high_valid_status                       dataCOMRAM   000022
_btn_low                                     dataCOMRAM   000023
_btn_low_last_valid_status                   dataCOMRAM   00001F
_btn_low_valid                               bssCOMRAM    000032
_btn_low_valid_status                        dataCOMRAM   000020
_btn_status_high                             bssCOMRAM    00003F
_btn_status_low                              bssCOMRAM    00003E
_button_initialize                           text12       0018EC
_button_read_state                           text5        0013EC
_flag                                        bssCOMRAM    000039
_gpio_pin_direction_initialization           text13       0011CA
_gpio_pin_initialization                     text10       001830
_gpio_pin_read_logic                         text6        00149E
_gpio_pin_write_logic                        text11       0012DC
_lat_registers                               dataCOMRAM   00000B
_led_1                                       dataCOMRAM   000031
_led_2                                       dataCOMRAM   000030
_led_3                                       dataCOMRAM   00002F
_led_4                                       dataCOMRAM   00002E
_led_5                                       dataCOMRAM   00002D
_led_6                                       dataCOMRAM   00002C
_led_7                                       dataCOMRAM   00002B
_led_8                                       dataCOMRAM   00002A
_led_initialize                              text9        001618
_led_turn_off                                text4        0017C6
_led_turn_on                                 text3        00175C
_main                                        text0        001002
_port_registers                              dataCOMRAM   000001
_relay_1                                     dataCOMRAM   000029
_relay_initialize                            text8        0015A8
_relay_turn_off                              text2        0016F2
_relay_turn_on                               text1        001688
_ret                                         nvCOMRAM     00004E
_tris_registers                              dataCOMRAM   000015
button_initialize@btn                        cstackCOMRAM 000047
button_initialize@ret                        cstackCOMRAM 000048
button_read_state@Pin_Logic_Status           cstackCOMRAM 00004A
button_read_state@btn                        cstackCOMRAM 000046
button_read_state@btn_state                  cstackCOMRAM 000047
button_read_state@ret                        cstackCOMRAM 000049
end_of_initialization                        cinit        0018B0
gpio_pin_direction_initialization@pin_config cstackCOMRAM 000040
gpio_pin_direction_initialization@ret        cstackCOMRAM 000046
gpio_pin_initialization@pin_config           cstackCOMRAM 000048
gpio_pin_read_logic@logic_status             cstackCOMRAM 000041
gpio_pin_read_logic@pin_config               cstackCOMRAM 000040
gpio_pin_write_logic@logic                   cstackCOMRAM 000041
gpio_pin_write_logic@pin_config              cstackCOMRAM 000040
gpio_pin_write_logic@ret                     cstackCOMRAM 000047
intlevel0                                    text         000000
intlevel1                                    text         000000
intlevel2                                    text         000000
intlevel3                                    text         000000
isa$std                                      (abs)        000001
isa$xinst                                    (abs)        000000
led_initialize@F3143                         bssCOMRAM    00003D
led_initialize@led                           cstackCOMRAM 00004A
led_initialize@pin_obj                       cstackCOMRAM 00004D
led_initialize@ret                           cstackCOMRAM 00004C
led_turn_off@F3153                           bssCOMRAM    00003B
led_turn_off@led                             cstackCOMRAM 000048
led_turn_off@pin_obj                         cstackCOMRAM 00004A
led_turn_on@F3148                            bssCOMRAM    00003C
led_turn_on@led                              cstackCOMRAM 000048
led_turn_on@pin_obj                          cstackCOMRAM 00004A
led_turn_toggle@F3158                        bssCOMRAM    00003A
relay_initialize@F3137                       bssCOMRAM    000038
relay_initialize@_relay                      cstackCOMRAM 00004A
relay_initialize@pin_obj                     cstackCOMRAM 00004D
relay_initialize@ret                         cstackCOMRAM 00004C
relay_turn_off@F3147                         bssCOMRAM    000036
relay_turn_off@_relay                        cstackCOMRAM 000048
relay_turn_off@pin_obj                       cstackCOMRAM 00004A
relay_turn_on@F3142                          bssCOMRAM    000037
relay_turn_on@_relay                         cstackCOMRAM 000048
relay_turn_on@pin_obj                        cstackCOMRAM 00004A
stackhi                                      (abs)        000000
stacklo                                      (abs)        000000
start                                        init         000000
start_initialization                         cinit        001884


MODULE INFORMATION

Module		Function		Class		Link	Load	Size
ECU_Layer/button/ecu_button.c
		_button_read_state		CODE           	13EC	0000	178
		_button_initialize		CODE           	18EC	0000	38

ECU_Layer/button/ecu_button.c estimated size: 216

shared
		__initialization		CODE           	1884	0000	44

shared estimated size: 44

MCAL_Layer/GPIO/hal_gpio.c
		_gpio_pin_write_logic		CODE           	12DC	0000	272
		_gpio_pin_read_logic		CODE           	149E	0000	154
		_gpio_pin_initialization		CODE           	1830	0000	84
		_gpio_pin_direction_initialization		CODE           	11CA	0000	274

MCAL_Layer/GPIO/hal_gpio.c estimated size: 784

ECU_Layer/LED/ecu_led.c
		_led_initialize		CODE           	1618	0000	112
		_led_turn_on   		CODE           	175C	0000	106
		_led_turn_off  		CODE           	17C6	0000	106

ECU_Layer/LED/ecu_led.c estimated size: 324

ECU_Layer/Relay/ecu_relay.c
		_relay_turn_off		CODE           	16F2	0000	106
		_relay_initialize		CODE           	15A8	0000	112
		_relay_turn_on 		CODE           	1688	0000	106

ECU_Layer/Relay/ecu_relay.c estimated size: 324

application.c
		_application_initialize		CODE           	1538	0000	112
		_main          		CODE           	1002	0000	456

application.c estimated size: 568

